{
  "parts": {
    "1-part": {
      "id": "1-part",
      "order": 0,
      "data": {
        "type": "part",
        "title": "Basics"
      },
      "slug": "part-slug",
      "chapters": {
        "1-chapter": {
          "id": "1-chapter",
          "order": 0,
          "data": {
            "title": "The first chapter in part 1",
            "type": "chapter"
          },
          "slug": "chapter-slug"
        }
      }
    },
    "2-part": {
      "id": "2-part",
      "order": 1,
      "data": {
        "type": "part",
        "title": "Basics"
      },
      "slug": "part-slug",
      "chapters": {
        "2-chapter": {
          "id": "2-chapter",
          "order": 0,
          "data": {
            "title": "The first chapter in part 1",
            "type": "chapter"
          },
          "slug": "chapter-slug"
        }
      }
    },
    "3-part": {
      "id": "3-part",
      "order": 2,
      "data": {
        "type": "part",
        "title": "Basics"
      },
      "slug": "part-slug",
      "chapters": {
        "3-chapter": {
          "id": "3-chapter",
          "order": 0,
          "data": {
            "title": "The first chapter in part 1",
            "type": "chapter"
          },
          "slug": "chapter-slug"
        }
      }
    }
  },
  "lessons": [
    {
      "data": {
        "type": "lesson",
        "title": "Welcome to TutorialKit",
        "template": "default",
        "i18n": {
          "mocked": "default localization"
        },
        "openInStackBlitz": true
      },
      "id": "1-first",
      "filepath": "1-part/1-chapter/1-first/content.md",
      "order": 0,
      "Markdown": "Markdown for tutorial",
      "slug": "lesson-slug",
      "files": [
        "1-part-1-chapter-1-first-files.json",
        []
      ],
      "solution": [
        "1-part-1-chapter-1-first-solution.json",
        []
      ],
      "part": {
        "id": "1-part",
        "title": "Basics"
      },
      "chapter": {
        "id": "1-chapter",
        "title": "The first chapter in part 1"
      },
      "next": {
        "title": "Welcome to TutorialKit",
        "href": "/part-slug/chapter-slug/lesson-slug"
      }
    },
    {
      "data": {
        "type": "lesson",
        "title": "Welcome to TutorialKit",
        "template": "default",
        "i18n": {
          "mocked": "default localization"
        },
        "openInStackBlitz": true
      },
      "id": "1-second",
      "filepath": "2-part/2-chapter/1-second/content.md",
      "order": 1,
      "Markdown": "Markdown for tutorial",
      "slug": "lesson-slug",
      "files": [
        "2-part-2-chapter-1-second-files.json",
        []
      ],
      "solution": [
        "2-part-2-chapter-1-second-solution.json",
        []
      ],
      "part": {
        "id": "2-part",
        "title": "Basics"
      },
      "chapter": {
        "id": "2-chapter",
        "title": "The first chapter in part 1"
      },
      "prev": {
        "title": "Welcome to TutorialKit",
        "href": "/part-slug/chapter-slug/lesson-slug"
      },
      "next": {
        "title": "Welcome to TutorialKit",
        "href": "/part-slug/chapter-slug/lesson-slug"
      }
    },
    {
      "data": {
        "type": "lesson",
        "title": "Welcome to TutorialKit",
        "template": "default",
        "i18n": {
          "mocked": "default localization"
        },
        "openInStackBlitz": true
      },
      "id": "1-third",
      "filepath": "3-part/3-chapter/1-third/content.md",
      "order": 2,
      "Markdown": "Markdown for tutorial",
      "slug": "lesson-slug",
      "files": [
        "3-part-3-chapter-1-third-files.json",
        []
      ],
      "solution": [
        "3-part-3-chapter-1-third-solution.json",
        []
      ],
      "part": {
        "id": "3-part",
        "title": "Basics"
      },
      "chapter": {
        "id": "3-chapter",
        "title": "The first chapter in part 1"
      },
      "prev": {
        "title": "Welcome to TutorialKit",
        "href": "/part-slug/chapter-slug/lesson-slug"
      }
    }
  ]
}