{
  "parts": {},
  "lessons": [
    {
      "data": {
        "type": "lesson",
        "title": "Welcome to TutorialKit",
        "template": "default",
        "i18n": {
          "mocked": "default localization"
        },
        "openInStackBlitz": true,
        "downloadAsZip": false
      },
      "id": "1-lesson",
      "filepath": "1-lesson/content.md",
      "order": 0,
      "Markdown": "Markdown for tutorial",
      "slug": "lesson-slug",
      "files": [
        "1-lesson-files.json",
        []
      ],
      "solution": [
        "1-lesson-solution.json",
        []
      ]
    }
  ]
}