[
  "1-basics",
  "1-basics-1-introduction-1-welcome-files.json",
  "1-basics-1-introduction-1-welcome-solution.json",
  "1-basics/1-introduction",
  "1-basics/1-introduction/1-welcome",
  "1-basics/1-introduction/1-welcome/index.html",
  "favicon.svg",
  "index.html",
  "logo-dark.svg",
  "logo.svg",
  "template-default.json"
]
